// Vitest Snapshot v1, https://vitest.dev/guide/snapshot.html

exports[`decode-only/encodable > 無効な文字列 > インスタンスの作成に失敗する 1`] = `
{
  "message": "[big.js] Invalid number",
  "name": "Error",
}
`;

exports[`standard > 無効な数値 > インスタンスの作成に失敗する 1`] = `
{
  "message": "[big.js] Invalid number",
  "name": "Error",
}
`;

exports[`standard > 無効な文字列 > インスタンスの作成に失敗する 1`] = `
{
  "message": "[big.js] Invalid number",
  "name": "Error",
}
`;
