// Vitest Snapshot v1, https://vitest.dev/guide/snapshot.html

exports[`.toString() 明示的に定義されていないならエラー 1`] = `
{
  "actual": {},
  "expected": "Object contains encode methods",
  "message": "Expected Object contains encode methods but got type Object of value [object Object].",
  "name": "SurrealValueError",
}
`;

exports[`数値を入力してエラー 1`] = `
{
  "actual": "Number",
  "expected": "Object | String",
  "message": "Expected Object | String but got Number.",
  "name": "SurrealTypeError",
}
`;
